ninav@DESKTOP-LRGA3HF MINGW64 ~/IH-Labs
$ ls
lab-bash/

ninav@DESKTOP-LRGA3HF MINGW64 ~/IH-Labs
$ cd lab-bash

ninav@DESKTOP-LRGA3HF MINGW64 ~/IH-Labs/lab-bash (master)
$ ls
exercices/  inputs/  lorem/  lorem-copy/  outputs/  readme.md

ninav@DESKTOP-LRGA3HF MINGW64 ~/IH-Labs/lab-bash (master)
$ mkdir new_dir

ninav@DESKTOP-LRGA3HF MINGW64 ~/IH-Labs/lab-bash (master)
$ ls
exercices/  inputs/  lorem/  lorem-copy/  new_dir/  outputs/  readme.md

ninav@DESKTOP-LRGA3HF MINGW64 ~/IH-Labs/lab-bash (master)
$ echo 'Hello World'
Hello World

ninav@DESKTOP-LRGA3HF MINGW64 ~/IH-Labs/lab-bash (master)
$ cp lorem/sed.txt lorem-copy

ninav@DESKTOP-LRGA3HF MINGW64 ~/IH-Labs/lab-bash (master)
$ cd lorem-copy

ninav@DESKTOP-LRGA3HF MINGW64 ~/IH-Labs/lab-bash/lorem-copy (master)
$ ls
dummy_file.txt  sed.txt  sed2.txt

ninav@DESKTOP-LRGA3HF MINGW64 ~/IH-Labs/lab-bash/lorem-copy (master)
$ rm sed2.txt

ninav@DESKTOP-LRGA3HF MINGW64 ~/IH-Labs/lab-bash/lorem-copy (master)
$ ls
dummy_file.txt  sed.txt

ninav@DESKTOP-LRGA3HF MINGW64 ~/IH-Labs/lab-bash/lorem (master)
$ cd ../

ninav@DESKTOP-LRGA3HF MINGW64 ~/IH-Labs/lab-bash (master)
$ cp lorem/lorem.txt lorem-copy ; cp lorem/at.txt lorem-copy

ninav@DESKTOP-LRGA3HF MINGW64 ~/IH-Labs/lab-bash (master)
$ cd lorem-copy

ninav@DESKTOP-LRGA3HF MINGW64 ~/IH-Labs/lab-bash/lorem-copy (master)
$ ls
at.txt  dummy_file.txt  lorem.txt  sed.txt

ninav@DESKTOP-LRGA3HF MINGW64 ~/IH-Labs/lab-bash/lorem (master)
$ cat sed.txt
Sed ut perspiciatis unde omnis iste natus error sit voluptatem accusantium doloremque laudantium,
totam rem aperiam, eaque ipsa quae ab illo inventore veritatis et quasi architecto beatae vitae dicta sunt explicabo.
Nemo enim ipsam voluptatem quia voluptas sit aspernatur aut odit aut fugit,
sed quia consequuntur magni dolores eos qui ratione voluptatem sequi nesciunt.
Neque porro quisquam est, qui dolorem ipsum quia dolor sit amet, consectetur, adipisci velit,
sed quia non numquam eius modi tempora incidunt ut labore et dolore magnam aliquam quaerat voluptatem.
Ut enim ad minima veniam, quis nostrum exercitationem ullam corporis suscipit laboriosam,
nisi ut aliquid ex ea commodi consequatur? Quis autem vel eum iure reprehenderit qui in ea voluptate velit esse quam nihil molestiae consequatur,
vel illum qui dolorem eum fugiat quo voluptas nulla pariatur?Homo homini lupus

ninav@DESKTOP-LRGA3HF MINGW64 ~/IH-Labs/lab-bash/lorem (master)
$ cat lorem.txt
Lorem ipsum dolor sit amet, consectetur adipiscing elit, sed do eiusmod tempor incididunt ut labore et dolore magna aliqua.
Ut enim ad minim veniam, quis nostrud exercitation ullamco laboris nisi ut aliquip ex ea commodo consequat.
Duis aute irure dolor in reprehenderit in voluptate velit esse cillum dolore eu fugiat nulla pariatur.
Excepteur sint occaecat cupidatat non proident, sunt in culpa qui officia deserunt mollit anim id est laborum.
ninav@DESKTOP-LRGA3HF MINGW64 ~/IH-Labs/lab-bash/lorem (master)
$ cd ../

ninav@DESKTOP-LRGA3HF MINGW64 ~/IH-Labs/lab-bash (master)
$ cd lorem-copy

ninav@DESKTOP-LRGA3HF MINGW64 ~/IH-Labs/lab-bash/lorem-copy (master)
$ ls
dummy_file.txt  sed.txt

ninav@DESKTOP-LRGA3HF MINGW64 ~/IH-Labs/lab-bash/lorem-copy (master)
$ head -3 sed.txt
Sed ut perspiciatis unde omnis iste natus error sit voluptatem accusantium doloremque laudantium,
totam rem aperiam, eaque ipsa quae ab illo inventore veritatis et quasi architecto beatae vitae dicta sunt explicabo.
Nemo enim ipsam voluptatem quia voluptas sit aspernatur aut odit aut fugit,

ninav@DESKTOP-LRGA3HF MINGW64 ~/IH-Labs/lab-bash/lorem-copy (master)
$ tail -3 sed.txt
Ut enim ad minima veniam, quis nostrum exercitationem ullam corporis suscipit laboriosam,
nisi ut aliquid ex ea commodi consequatur? Quis autem vel eum iure reprehenderit qui in ea voluptate velit esse quam nihil molestiae consequatur,
vel illum qui dolorem eum fugiat quo voluptas nulla pariatur?Homo homini lupus

ninav@DESKTOP-LRGA3HF MINGW64 ~/IH-Labs/lab-bash/lorem-copy (master)
$ echo Homo homini lupus.sed.txt
Homo homini lupus.sed.txt

ninav@DESKTOP-LRGA3HF MINGW64 ~/IH-Labs/lab-bash/lorem-copy (master)
$ tail -3 sed.txt
Ut enim ad minima veniam, quis nostrum exercitationem ullam corporis suscipit laboriosam,
nisi ut aliquid ex ea commodi consequatur? Quis autem vel eum iure reprehenderit qui in ea voluptate velit esse quam nihil molestiae consequatur,
vel illum qui dolorem eum fugiat quo voluptas nulla pariatur?Homo homini lupus

ninav@DESKTOP-LRGA3HF MINGW64 ~/IH-Labs/lab-bash/lorem-copy (master)
$ cd ../

ninav@DESKTOP-LRGA3HF MINGW64 ~/IH-Labs/lab-bash (master)
$ cd lorem

ninav@DESKTOP-LRGA3HF MINGW64 ~/IH-Labs/lab-bash/lorem (master)
$ sed "s/et/ET/g" at.txt
At vero eos ET accusamus ET iusto odio dignissimos ducimus qui blanditiis praesentium voluptatum
deleniti atque corrupti quos dolores ET quas molestias excepturi sint occaecati cupiditate non
provident, similique sunt in culpa qui officia deserunt mollitia animi, id est laborum ET dolorum fuga.
Et harum quidem rerum facilis est ET expedita distinctio.
Nam libero tempore, cum soluta nobis est eligendi optio cumque nihil impedit quo minus id quod
maxime placeat facere possimus, omnis voluptas assumenda est, omnis dolor repellendus.
Temporibus autem quibusdam ET aut officiis debitis aut rerum necessitatibus saepe eveniET
ut ET voluptates repudiandae sint ET molestiae non recusandae.
Itaque earum rerum hic tenETur a sapiente delectus, ut aut reiciendis voluptatibus maiores
alias consequatur aut perferendis doloribus asperiores repellat

ninav@DESKTOP-LRGA3HF MINGW64 ~/IH-Labs/lab-bash/lorem (master)
$ whoami
ninav

ninav@DESKTOP-LRGA3HF MINGW64 ~/IH-Labs/lab-bash/lorem (master)
$ pwd
/c/Users/ninav/IH-Labs/lab-bash/lorem

ninav@DESKTOP-LRGA3HF MINGW64 ~/IH-Labs/lab-bash/lorem (master)
$ dir *.txt
at.txt  lorem.txt  sed.txt

ninav@DESKTOP-LRGA3HF MINGW64 ~/IH-Labs/lab-bash/lorem-copy (master)
$ cd ../

ninav@DESKTOP-LRGA3HF MINGW64 ~/IH-Labs/lab-bash (master)
$  find . -name "lorem" | wc -l
1

ninav@DESKTOP-LRGA3HF MINGW64 ~/IH-Labs/lab-bash (master)
$ cat lorem >> sed.txt; wc -l sed.txt
cat: lorem: Is a directory
0 sed.txt
ninav@DESKTOP-LRGA3HF MINGW64 ~/IH-Labs/lab-bash (master)
$ cd lorem

ninav@DESKTOP-LRGA3HF MINGW64 ~/IH-Labs/lab-bash/lorem (master)
$ wc sed.txt
  9 131 900 sed.txt

ninav@DESKTOP-LRGA3HF MINGW64 ~/IH-Labs/lab-bash/lorem (master)
$ cd ../
mk
ninav@DESKTOP-LRGA3HF MINGW64 ~/IH-Labs/lab-bash (master)
$ echo " Enter name:Nina"
 Enter name:Nina

ninav@DESKTOP-LRGA3HF MINGW64 ~/IH-Labs/lab-bash (master)
$ read
Nina

ninav@DESKTOP-LRGA3HF MINGW64 ~/IH-Labs/lab-bash (master)
$ echo "My name is $REPLY"
My name is Nina

ninav@DESKTOP-LRGA3HF MINGW64 ~/IH-Labs/lab-bash (master)
$ mkdir name

ninav@DESKTOP-LRGA3HF MINGW64 ~/IH-Labs/lab-bash (master)
$ ls
Lab1.txt    inputs/  lorem-copy/  outputs/   sed.txt
exercices/  lorem/   name/        readme.md

ninav@DESKTOP-LRGA3HF MINGW64 ~/IH-Labs/lab-bash (master)
$ rmdir name

ninav@DESKTOP-LRGA3HF MINGW64 ~/IH-Labs/lab-bash (master)
$ ls
Lab1.txt    inputs/  lorem-copy/  readme.md
exercices/  lorem/   outputs/     sed.txt
